files/59.csv
id,week,center_id,meal_id,checkout_price,base_price,emailer_for_promotion,homepage_featured,num_orders
1231332,1,59,2539,134.86,135.86,0,0,204
1301882,2,59,2539,136.8,135.8,0,0,256
1257288,3,59,2539,135.83,134.83,0,0,244
1442899,4,59,2539,133.86,135.86,0,0,418
1453738,5,59,2539,144.59,144.59,0,0,312
1226203,6,59,2539,146.53,145.53,0,0,243
1396590,7,59,2539,146.5,145.5,0,0,243
1381391,8,59,2539,145.53,144.53,0,0,312
1100235,9,59,2539,142.59,142.59,0,0,377
1360795,10,59,2539,141.65,142.65,0,0,338
1242398,11,59,2539,147.5,145.5,0,0,216
1106298,12,59,2539,145.53,145.53,0,0,134
1253829,13,59,2539,145.5,146.5,0,0,162
1280674,14,59,2539,127.1,147.5,0,0,67
1048807,15,59,2539,121.25,146.5,0,0,190
1433294,16,59,2539,121.25,147.5,0,0,284
1299170,17,59,2539,123.25,147.5,0,0,231
1121406,18,59,2539,123.25,147.5,0,0,215
1096704,19,59,2539,122.28,147.5,0,0,162
1137937,20,59,2539,121.25,121.25,0,0,202
1368646,21,59,2539,119.31,120.31,0,0,284
1062677,22,59,2539,121.28,120.28,0,0,135
1480835,23,59,2539,161.05,162.05,0,0,121
1484454,24,59,2539,162.99,162.99,0,0,203
1392451,25,59,2539,164.96,164.96,0,0,189
1209902,26,59,2539,165.93,163.93,0,0,149
1080136,27,59,2539,120.34,165.93,0,0,204
1096148,28,59,2539,122.25,164.93,0,0,231
1235327,29,59,2539,121.28,163.93,0,0,175
1208098,30,59,2539,120.28,163.93,0,0,352
1101596,31,59,2539,147.5,165.93,0,0,161
1157349,32,59,2539,146.5,165.93,0,0,176
1477968,33,59,2539,146.5,145.5,0,0,134
1174965,34,59,2539,145.5,145.5,0,0,244
1171067,35,59,2539,145.5,147.5,0,0,298
1494918,36,59,2539,140.71,140.71,0,0,298
1005274,37,59,2539,145.5,147.5,0,0,95
1386868,38,59,2539,143.59,144.59,0,0,258
1317983,39,59,2539,143.56,143.56,0,0,296
1199894,40,59,2539,144.59,144.59,0,0,215
1424957,41,59,2539,143.59,142.59,0,0,269
1085231,42,59,2539,143.56,143.56,0,0,418
1025851,43,59,2539,136.77,137.77,0,0,499
1472765,44,59,2539,144.56,143.56,0,0,649
1327001,45,59,2539,144.59,144.56,0,1,837
1099795,46,59,2539,144.53,145.56,0,1,771
1282585,47,59,2539,144.53,143.56,0,1,865
1399481,48,59,2539,124.22,145.56,0,1,904
1324187,49,59,2539,121.28,145.56,0,1,960
1028417,50,59,2539,122.28,144.56,0,1,674
1278547,51,59,2539,122.25,143.56,0,1,688
1399305,52,59,2539,122.28,144.56,1,0,514
1330856,53,59,2539,121.25,143.56,1,1,1120
1049453,54,59,2539,122.22,145.56,0,1,649
1400287,55,59,2539,120.28,145.56,0,1,458
1069692,56,59,2539,122.28,145.56,0,1,593
1484658,57,59,2539,146.53,146.53,0,0,609
1270818,58,59,2539,146.5,146.5,0,0,446
1000834,59,59,2539,146.53,144.53,0,0,460
1251312,60,59,2539,142.62,142.62,0,0,566
1424079,61,59,2539,144.59,144.59,0,0,595
1452072,62,59,2539,143.56,143.56,0,0,298
1200632,63,59,2539,142.59,143.56,0,1,715
1035934,64,59,2539,144.53,145.56,0,1,771
1090049,65,59,2539,144.56,144.56,0,1,743
1373018,66,59,2539,142.59,145.56,0,1,945
1124547,67,59,2539,141.62,143.56,0,1,648
1222972,68,59,2539,145.56,144.56,0,1,824
1073564,69,59,2539,144.53,143.56,0,1,663
1234757,70,59,2539,143.56,144.56,0,1,716
1430148,71,59,2539,145.5,145.56,0,1,716
1035436,72,59,2539,146.53,144.56,0,1,730
1197058,73,59,2539,144.53,144.53,0,0,715
1447756,74,59,2539,146.53,144.53,0,0,877
1058817,75,59,2539,147.5,145.53,0,1,553
1351509,76,59,2539,146.5,147.5,0,0,728
1485352,77,59,2539,146.53,146.5,0,1,701
1477320,78,59,2539,146.5,147.5,0,0,836
1409715,79,59,2539,146.5,147.5,0,1,688
1096808,80,59,2539,145.5,146.5,0,1,825
1398597,81,59,2539,145.53,145.5,0,1,824
1230243,82,59,2539,146.5,146.5,0,1,837
1000383,83,59,2539,145.5,145.5,0,1,824
1065116,84,59,2539,144.53,145.5,0,1,770
1459575,85,59,2539,141.62,147.5,0,1,891
1165337,86,59,2539,145.5,147.5,0,1,663
1074600,87,59,2539,143.56,144.56,0,0,743
1346429,88,59,2539,142.62,144.56,0,1,838
1404101,89,59,2539,144.56,143.56,0,1,513
1299975,90,59,2539,146.53,143.56,0,1,863
1138556,91,59,2539,145.56,144.56,0,1,620
1138805,92,59,2539,144.53,145.53,0,0,756
1193198,93,59,2539,143.56,143.56,0,0,744
1344797,94,59,2539,143.59,142.59,0,0,878
1490110,95,59,2539,145.56,142.59,0,1,851
1288244,96,59,2539,146.53,144.59,0,1,648
1401275,97,59,2539,145.56,142.59,0,1,743
1461085,98,59,2539,144.53,146.53,0,0,609
1163795,99,59,2539,150.35,144.53,0,1,757
1300258,100,59,2539,147.44,144.53,0,1,757
1112543,101,59,2539,148.47,146.47,0,0,796
1240312,102,59,2539,149.41,149.41,0,0,662
1158694,103,59,2539,146.47,146.47,0,0,809
1469689,104,59,2539,148.41,149.41,0,0,784
1186066,105,59,2539,148.41,150.41,0,0,634
1219394,106,59,2539,144.53,144.53,0,0,662
1182797,107,59,2539,145.5,147.5,0,0,581
1438936,108,59,2539,143.59,142.59,0,0,472
1455781,109,59,2539,145.5,146.5,0,0,838
1155578,110,59,2539,146.5,147.5,0,0,526
1280367,111,59,2539,150.38,150.38,0,0,188
1067097,112,59,2539,144.56,144.56,0,0,80
1001913,113,59,2539,150.38,150.38,0,0,365
1057023,114,59,2539,143.56,144.56,0,0,298
1327544,115,59,2539,149.44,148.44,0,0,338
1478286,116,59,2539,150.35,150.35,0,0,243
1010033,117,59,2539,152.35,151.35,0,0,242
1239905,118,59,2539,152.35,151.35,0,0,244
1315246,119,59,2539,148.41,150.41,0,0,566
1394725,120,59,2539,149.41,149.41,0,0,499
1088254,121,59,2539,149.41,149.41,0,0,365
1190901,122,59,2539,149.44,149.44,0,0,325
1429497,123,59,2539,146.47,148.47,0,0,203
1209156,124,59,2539,148.44,149.44,0,0,377
1166700,125,59,2539,148.44,148.44,0,0,350
1160736,126,59,2539,147.47,148.47,0,0,418
1308212,127,59,2539,150.35,150.35,0,0,513
1171841,128,59,2539,149.44,148.44,0,0,337
1352151,129,59,2539,150.41,150.41,0,0,446
1099645,130,59,2539,147.5,145.5,0,0,487
1085326,131,59,2539,151.35,151.35,0,0,406
1352032,132,59,2539,147.44,147.44,0,0,285
1277353,133,59,2539,142.59,144.59,0,0,325
1381726,134,59,2539,150.35,152.35,0,0,285
1406358,135,59,2539,149.41,149.41,0,0,107
1101455,136,59,2539,149.41,148.41,0,0,431
1420540,137,59,2539,154.29,153.29,0,0,378
1129858,138,59,2539,147.47,148.47,0,0,499
1197081,139,59,2539,150.41,149.41,0,0,512
1274487,140,59,2539,148.41,149.41,0,0,485
1042327,141,59,2539,149.38,151.38,0,0,420
1295470,142,59,2539,148.44,148.44,0,0,351
1247922,143,59,2539,149.41,150.41,0,0,256
1453563,144,59,2539,145.5,147.5,0,0,175
1358458,145,59,2539,157.2,155.2,0,0,298
1455452,1,59,2139,340.5,435.53,0,0,54
1216110,2,59,2139,339.5,436.53,0,0,54
1172941,4,59,2139,341.5,435.53,0,0,28
1465725,6,59,2139,436.53,435.53,0,0,26
1449107,7,59,2139,435.53,435.53,0,0,15
1179955,10,59,2139,388.03,436.53,0,0,14
1499307,11,59,2139,388.03,435.53,0,0,13
1075102,12,59,2139,388.03,435.53,0,0,15
1076786,14,59,2139,437.53,437.53,0,0,14
1012985,15,59,2139,437.53,437.53,0,0,13
1212001,16,59,2139,435.53,437.53,0,0,27
1145258,20,59,2139,437.53,437.53,0,0,15
1161550,21,59,2139,297.82,435.53,0,0,13
1026429,22,59,2139,298.82,436.53,0,0,15
1292526,23,59,2139,298.82,437.53,0,0,28
1243769,24,59,2139,297.82,435.53,0,0,41
1138269,25,59,2139,284.27,437.53,0,0,27
1374974,26,59,2139,287.12,435.53,0,0,41
1182295,27,59,2139,298.82,296.82,0,0,42
1043776,28,59,2139,291,293,0,0,14
1227299,29,59,2139,282.3,281.3,0,0,40
1436014,30,59,2139,277.45,277.45,0,0,27
1394828,31,59,2139,292,291,0,0,41
1431913,32,59,2139,291,293,0,0,42
1336853,33,59,2139,296.82,297.82,0,0,69
1011711,34,59,2139,298.82,297.82,0,0,13
1438067,35,59,2139,296.82,297.82,0,0,13
1255760,36,59,2139,284.27,282.27,0,0,28
1027683,37,59,2139,296.82,298.82,0,0,40
1378379,38,59,2139,296.82,298.82,0,0,53
1016410,39,59,2139,297.82,298.82,0,0,13
1059501,40,59,2139,297.82,297.82,0,0,28
1224374,41,59,2139,296.82,297.82,0,0,14
1093661,42,59,2139,298.82,297.82,0,0,15
1047594,43,59,2139,298.82,297.82,0,0,27
1227882,44,59,2139,298.82,297.82,0,0,14
1166289,46,59,2139,296.82,296.82,0,0,26
1038212,47,59,2139,296.82,298.82,0,0,15
1150679,48,59,2139,298.82,297.82,0,0,14
1196987,51,59,2139,298.82,297.82,0,0,13
1470184,53,59,2139,298.82,298.82,0,0,40
1369076,55,59,2139,296.82,298.82,0,0,27
1492692,57,59,2139,298.82,298.82,0,0,41
1496633,58,59,2139,297.82,296.82,0,0,15
1062203,59,59,2139,297.82,297.82,0,0,27
1156441,60,59,2139,296.82,296.82,0,0,14
1283272,61,59,2139,297.82,297.82,0,0,27
1127900,63,59,2139,292.03,290.03,0,0,55
1447869,64,59,2139,292.03,291.03,0,0,42
1276012,65,59,2139,292.03,290.03,0,0,27
1402616,67,59,2139,292.03,291.03,0,0,26
1471357,68,59,2139,291.03,291.03,0,0,26
1416513,69,59,2139,291.03,292.03,0,0,26
1313427,70,59,2139,292.03,291.03,0,0,14
1383480,71,59,2139,260.93,291.03,0,0,15
1402729,73,59,2139,292.03,291.03,0,0,67
1386127,75,59,2139,290.03,290.03,0,0,28
1211463,76,59,2139,290.03,291.03,0,0,54
1280009,77,59,2139,309.49,309.49,0,0,40
1006789,78,59,2139,298.82,298.82,0,0,42
1211823,79,59,2139,308.49,307.49,0,0,15
1108327,80,59,2139,308.49,307.49,0,0,14
1481665,82,59,2139,307.49,307.49,0,0,26
1238899,83,59,2139,307.49,309.49,0,0,28
1026524,84,59,2139,309.49,307.49,0,0,14
1423610,85,59,2139,309.49,308.49,0,0,27
1477823,86,59,2139,309.49,309.49,0,0,28
1454576,87,59,2139,307.49,309.49,0,0,28
1325132,88,59,2139,307.49,307.49,0,0,26
1320347,89,59,2139,307.49,307.49,0,0,94
1357771,90,59,2139,308.49,309.49,0,0,15
1376574,91,59,2139,309.49,309.49,0,0,41
1269532,92,59,2139,307.49,309.49,0,0,42
1418551,93,59,2139,308.49,308.49,0,0,28
1306256,94,59,2139,308.49,308.49,0,0,42
1089140,95,59,2139,296.82,298.82,0,0,42
1411107,96,59,2139,309.49,308.49,0,0,26
1081940,97,59,2139,307.49,309.49,0,0,41
1469106,98,59,2139,296.82,296.82,0,0,40
1490982,99,59,2139,308.49,309.49,0,0,13
1400653,100,59,2139,309.49,309.49,0,0,42
1493073,102,59,2139,309.49,309.49,0,0,27
1356436,105,59,2139,290.03,291.03,0,0,15
1334112,106,59,2139,280.33,280.33,0,0,40
1119649,107,59,2139,290.03,291.03,0,0,55
1124005,108,59,2139,285.21,286.21,0,0,68
1004038,110,59,2139,292.97,292.97,0,0,28
1337989,111,59,2139,277.45,276.45,0,0,15
1237307,112,59,2139,308.49,307.49,0,0,14
1473876,113,59,2139,309.49,307.49,0,0,41
1057096,114,59,2139,309.49,309.49,0,0,53
1006037,115,59,2139,307.49,307.49,0,0,54
1256975,116,59,2139,308.49,308.49,0,0,53
1425302,117,59,2139,307.49,309.49,0,0,14
1107865,118,59,2139,307.49,309.49,0,0,14
1476162,119,59,2139,307.49,307.49,0,0,40
1011776,120,59,2139,309.49,309.49,0,0,26
1077978,121,59,2139,290.03,291.03,0,0,82
1241564,122,59,2139,292.03,291.03,0,0,15
1018681,124,59,2139,291.03,292.03,0,0,42
1233640,125,59,2139,275.48,275.48,0,0,28
1318197,126,59,2139,310.43,309.43,0,0,14
1394901,127,59,2139,311.43,310.43,0,0,55
1343913,128,59,2139,290.03,292.03,0,0,13
1031604,129,59,2139,292.03,290.03,0,0,81
1145534,130,59,2139,321.13,320.13,0,0,55
1085666,131,59,2139,319.13,320.13,0,0,40
1435049,133,59,2139,320.13,320.13,0,0,28
1308157,134,59,2139,320.13,321.13,0,0,53
1042490,136,59,2139,319.13,321.13,0,0,15
1314463,137,59,2139,321.13,321.13,0,0,26
1246408,138,59,2139,320.13,320.13,0,0,15
1042425,139,59,2139,290.03,291.03,0,0,14
1393584,140,59,2139,292.03,292.03,0,0,54
1135625,141,59,2139,292.03,292.03,0,0,13
1269038,142,59,2139,290.03,290.03,0,0,53
1394427,143,59,2139,291.03,292.03,0,0,15
1196877,144,59,2139,292.03,290.03,0,0,13
1088640,145,59,2139,292.03,292.03,0,0,26
1000055,1,59,2631,252.23,253.23,0,0,40
1082323,2,59,2631,98.03,252.23,1,0,123
1396055,3,59,2631,98,251.23,0,0,123
1302867,4,59,2631,107.67,251.23,0,0,189
1205966,5,59,2631,97,252.23,0,0,122
1262492,6,59,2631,251.23,252.23,0,0,26
1463311,8,59,2631,253.23,253.23,0,0,15
1462128,9,59,2631,251.23,253.23,0,0,14
1402248,10,59,2631,251.23,251.23,0,0,28
1189944,11,59,2631,253.23,252.23,0,0,27
1026669,12,59,2631,253.23,252.23,0,0,13
1102879,13,59,2631,251.23,253.23,0,0,42
1395555,14,59,2631,252.23,252.23,0,0,42
1203299,15,59,2631,98,253.23,1,0,242
1134409,16,59,2631,99,251.23,0,0,149
1025853,17,59,2631,99,252.23,0,0,54
1494515,18,59,2631,99,252.23,0,0,188
1471217,19,59,2631,251.23,251.23,0,0,69
1287625,20,59,2631,252.23,251.23,0,0,55
1118138,21,59,2631,154.26,253.23,0,0,68
1274918,22,59,2631,154.26,253.23,0,0,80
1219353,23,59,2631,150.38,251.23,1,0,54
1167051,24,59,2631,155.26,252.23,0,0,67
1422040,26,59,2631,149.38,252.23,0,0,55
1112505,27,59,2631,155.26,253.23,0,0,42
1293361,28,59,2631,149.41,251.23,0,0,81
1220924,29,59,2631,154.26,154.26,0,0,27
1059432,30,59,2631,151.35,151.35,0,0,80
1085302,31,59,2631,151.32,151.32,0,0,94
1071239,32,59,2631,154.26,153.26,0,0,96
1248287,33,59,2631,155.26,153.26,0,0,28
1069620,34,59,2631,155.26,153.26,0,1,123
1029105,35,59,2631,154.26,153.26,0,0,15
1394303,36,59,2631,151.38,151.38,0,0,54
1155901,37,59,2631,154.26,153.26,0,0,68
1499633,38,59,2631,154.26,153.26,0,0,42
1069852,39,59,2631,151.35,153.26,0,1,69
1167545,40,59,2631,155.26,154.26,0,0,80
1377349,41,59,2631,153.26,155.26,0,0,109
1320200,42,59,2631,155.26,155.26,0,0,82
1397377,45,59,2631,153.26,155.26,0,0,42
1221885,46,59,2631,153.26,153.26,0,0,28
1386815,47,59,2631,154.26,155.26,0,0,69
1387426,48,59,2631,153.26,155.26,0,0,28
1191346,49,59,2631,147.5,146.5,0,0,54
1041306,50,59,2631,153.26,146.5,0,1,42
1065411,51,59,2631,146.5,147.5,0,1,26
1086406,52,59,2631,154.26,154.26,0,0,41
1291080,53,59,2631,154.26,155.26,0,0,69
1228310,54,59,2631,154.26,153.26,0,0,40
1216878,55,59,2631,155.26,154.26,0,0,42
1177001,56,59,2631,153.26,153.26,0,0,26
1106377,57,59,2631,150.38,149.38,0,0,122
1385198,58,59,2631,154.26,154.26,0,0,42
1049398,59,59,2631,154.26,153.26,0,0,67
1158486,60,59,2631,155.26,153.26,0,0,55
1388039,61,59,2631,152.32,151.32,0,0,96
1436782,63,59,2631,153.26,154.26,0,0,42
1119530,64,59,2631,153.26,154.26,0,0,94
1151499,65,59,2631,154.26,153.26,0,0,13
1217658,66,59,2631,153.26,155.26,0,0,26
1208650,67,59,2631,153.32,152.32,0,0,107
1285642,68,59,2631,98.03,153.32,1,0,243
1017800,69,59,2631,97.03,153.32,0,0,122
1204194,70,59,2631,99,153.32,0,0,81
1456172,71,59,2631,98,152.32,0,0,53
1075859,72,59,2631,154.26,153.26,0,0,27
1028096,73,59,2631,154.26,153.26,0,0,55
1459912,74,59,2631,154.26,154.26,0,0,40
1157012,75,59,2631,151.38,151.38,0,0,53
1204338,76,59,2631,154.26,154.26,0,0,42
1273736,77,59,2631,97,153.26,0,0,67
1293302,78,59,2631,97,153.26,0,0,81
1282796,79,59,2631,98,155.26,0,0,13
1428228,80,59,2631,98,153.26,0,0,54
1376754,81,59,2631,152.32,153.32,0,0,95
1168813,82,59,2631,153.26,153.26,0,0,68
1160793,83,59,2631,153.26,155.26,0,0,54
1026440,84,59,2631,154.26,155.26,0,0,15
1202982,85,59,2631,97,153.26,1,1,189
1291481,86,59,2631,97,154.26,0,1,122
1030920,87,59,2631,96.09,153.26,0,1,135
1094834,88,59,2631,99,154.26,0,0,82
1292566,89,59,2631,84.39,153.26,0,0,136
1189600,90,59,2631,151.35,150.35,0,0,80
1011959,91,59,2631,149.38,149.38,0,0,107
1032831,92,59,2631,148.41,149.41,0,0,81
1091254,93,59,2631,153.32,152.32,0,0,134
1323724,94,59,2631,155.26,153.26,0,0,94
1134167,95,59,2631,152.35,150.35,0,0,82
1330561,96,59,2631,154.26,151.35,0,1,55
1171415,97,59,2631,154.26,154.26,0,0,122
1045069,98,59,2631,148.41,150.41,0,0,40
1453023,99,59,2631,154.26,155.26,0,0,107
1258446,100,59,2631,98.03,154.26,0,0,217
1155193,101,59,2631,97.03,155.26,0,0,175
1423577,102,59,2631,99,153.26,0,0,95
1467128,103,59,2631,106.7,153.26,0,0,14
1018587,104,59,2631,97.03,153.26,0,0,41
1492029,105,59,2631,97.03,153.26,0,0,190
1445550,106,59,2631,154.26,154.26,0,0,109
1367199,107,59,2631,154.26,155.26,0,0,54
1265038,108,59,2631,154.26,155.26,0,0,14
1396572,109,59,2631,153.26,153.26,0,0,109
1191311,110,59,2631,154.26,154.26,0,0,161
1449394,111,59,2631,153.26,153.26,0,0,68
1268448,112,59,2631,155.26,153.26,0,0,109
1369606,113,59,2631,154.26,153.26,0,0,149
1249596,114,59,2631,154.26,154.26,0,0,41
1416401,115,59,2631,153.32,151.32,0,0,107
1169161,116,59,2631,153.32,152.32,0,0,134
1182213,117,59,2631,152.32,152.32,0,0,121
1001808,118,59,2631,153.29,153.29,0,0,161
1083109,119,59,2631,154.26,154.26,0,0,162
1142669,120,59,2631,153.26,154.26,0,0,95
1264946,121,59,2631,94.15,154.26,1,1,258
1464694,122,59,2631,97,155.26,0,1,284
1460730,123,59,2631,98,153.26,0,0,28
1494252,124,59,2631,99,155.26,0,0,231
1349816,125,59,2631,174.6,175.6,0,0,148
1105105,126,59,2631,162.05,162.05,0,0,121
1073510,127,59,2631,159.11,160.11,0,0,40
1238856,128,59,2631,164.93,165.93,0,0,82
1091236,129,59,2631,163.93,165.93,0,0,81
1473130,130,59,2631,164.93,165.93,0,0,41
1271462,131,59,2631,163.93,165.93,0,0,81
1259874,132,59,2631,165.93,163.93,0,0,26
1251767,133,59,2631,163.93,165.93,0,0,13
1099641,134,59,2631,99,165.93,1,0,634
1358648,135,59,2631,98,164.93,0,1,270
1123631,136,59,2631,97,164.93,0,1,148
1116242,137,59,2631,98,164.93,0,1,189
1274121,138,59,2631,98,163.93,0,1,323
1001786,139,59,2631,93.15,165.93,0,0,148
1258268,140,59,2631,105.79,163.93,0,0,217
1236597,141,59,2631,163.93,164.93,0,0,14
1067268,142,59,2631,165.93,163.93,0,0,53
1131649,143,59,2631,161.05,162.05,0,0,53
1303431,144,59,2631,164.93,164.93,0,0,67
1082497,145,59,2631,164.93,165.93,0,0,28
