files/59.csv
id,week,center_id,meal_id,checkout_price,base_price,emailer_for_promotion,homepage_featured,num_orders
1481637,1,59,1770,339.53,484.03,0,0,54
1143205,2,59,1770,339.53,484.03,0,0,107
1117983,3,59,1770,338.53,485.03,0,0,26
1175376,4,59,1770,339.53,486.03,0,0,15
1408310,5,59,1770,485.03,485.03,0,0,41
1205536,6,59,1770,486.03,484.03,0,0,13
1115269,7,59,1770,485.03,485.03,0,0,14
1457078,8,59,1770,484.03,484.03,0,0,67
1192534,9,59,1770,484.03,486.03,0,0,15
1362435,10,59,1770,485.03,486.03,0,0,14
1174395,12,59,1770,485.03,484.03,0,0,15
1139234,13,59,1770,485.03,484.03,0,0,14
1350531,14,59,1770,486.03,485.03,0,0,27
1428976,15,59,1770,486.03,486.03,0,0,15
1116889,16,59,1770,484.03,485.03,0,0,26
1247740,17,59,1770,437.53,486.03,0,1,27
1252384,19,59,1770,436.53,484.03,0,0,13
1021252,20,59,1770,437.53,486.03,0,0,54
1432820,21,59,1770,485.03,484.03,0,0,14
1018452,22,59,1770,484.03,484.03,0,0,13
1031244,23,59,1770,485.03,484.03,0,0,27
1173718,24,59,1770,485.03,484.03,0,0,27
1373712,25,59,1770,486.03,486.03,0,0,28
1434889,27,59,1770,485.03,484.03,0,0,15
1290699,28,59,1770,484.03,485.03,0,0,53
1366229,29,59,1770,388.03,486.03,0,0,14
1327861,30,59,1770,387.03,485.03,0,0,13
1026052,31,59,1770,387.03,485.03,0,0,26
1014946,33,59,1770,486.03,486.03,0,0,15
1002477,34,59,1770,485.03,486.03,0,0,28
1269696,35,59,1770,484.03,484.03,0,0,27
1327969,36,59,1770,484.03,486.03,0,0,14
1271487,39,59,1770,486.03,485.03,0,0,15
1062926,40,59,1770,484.03,485.03,0,0,27
1033538,41,59,1770,485.03,486.03,0,0,42
1422244,42,59,1770,485.03,486.03,0,0,41
1192000,45,59,1770,435.53,484.03,0,0,14
1055404,46,59,1770,435.53,485.03,0,0,28
1488979,47,59,1770,437.53,484.03,0,0,27
1078974,50,59,1770,486.03,485.03,0,0,13
1305900,53,59,1770,437.53,484.03,0,0,27
1443606,54,59,1770,436.53,484.03,0,0,14
1052287,55,59,1770,486.03,484.03,0,0,14
1111069,56,59,1770,437.53,485.03,0,0,14
1269883,57,59,1770,485.03,485.03,0,0,15
1117955,58,59,1770,486.03,485.03,0,0,54
1243766,59,59,1770,485.03,485.03,0,0,15
1400620,60,59,1770,486.03,486.03,0,0,13
1141644,61,59,1770,484.03,484.03,0,0,53
1166100,62,59,1770,486.03,484.03,0,0,26
1363947,63,59,1770,484.03,485.03,0,0,15
1208989,65,59,1770,486.03,486.03,0,0,27
1386861,67,59,1770,485.03,485.03,0,0,28
1158089,68,59,1770,466.63,465.63,0,0,41
1366940,69,59,1770,466.63,464.63,0,0,26
1331031,70,59,1770,466.63,465.63,0,0,15
1168082,71,59,1770,465.63,465.63,0,0,27
1004632,74,59,1770,484.03,486.03,0,0,13
1481676,76,59,1770,486.03,485.03,0,0,13
1060592,77,59,1770,484.03,486.03,0,0,40
1345223,78,59,1770,484.03,486.03,0,0,41
1383168,79,59,1770,484.03,486.03,0,0,14
1385584,81,59,1770,484.03,485.03,0,0,28
1078171,82,59,1770,484.03,485.03,0,0,13
1116234,83,59,1770,485.03,486.03,0,0,41
1486847,84,59,1770,485.03,485.03,0,0,67
1112066,86,59,1770,486.03,485.03,0,0,41
1261138,87,59,1770,486.03,486.03,0,0,13
1101654,88,59,1770,484.03,485.03,0,0,69
1245796,89,59,1770,454.93,454.93,0,0,14
1403184,90,59,1770,454.93,454.93,0,0,15
1354869,91,59,1770,454.93,455.93,0,0,55
1034886,92,59,1770,454.93,455.93,0,0,15
1023373,93,59,1770,486.03,485.03,0,0,15
1122863,94,59,1770,486.03,485.03,0,0,15
1493502,97,59,1770,486.03,484.03,0,0,54
1363787,98,59,1770,485.03,484.03,0,0,14
1233166,100,59,1770,486.03,484.03,0,0,15
1060773,101,59,1770,484.03,484.03,0,0,27
1116275,102,59,1770,485.03,486.03,0,0,13
1235135,103,59,1770,486.03,485.03,0,0,14
1408024,104,59,1770,486.03,484.03,0,0,13
1109059,105,59,1770,411.28,486.03,0,0,42
1234732,106,59,1770,413.28,485.03,0,0,13
1339666,108,59,1770,411.28,485.03,0,0,14
1309310,109,59,1770,484.03,486.03,0,0,28
1339217,110,59,1770,486.03,485.03,0,0,13
1185066,113,59,1770,485.03,485.03,0,0,13
1092632,115,59,1770,484.03,485.03,0,0,27
1441263,117,59,1770,486.03,486.03,0,0,13
1199202,118,59,1770,484.03,484.03,0,0,13
1268309,120,59,1770,412.28,486.03,0,0,55
1491643,121,59,1770,413.28,485.03,0,0,27
1352553,122,59,1770,412.28,485.03,0,0,41
1311995,123,59,1770,413.28,484.03,0,0,14
1363909,124,59,1770,486.03,486.03,0,0,41
1235388,126,59,1770,486.03,484.03,0,0,40
1342349,127,59,1770,485.03,486.03,0,0,14
1279443,128,59,1770,484.03,486.03,0,0,14
1062096,130,59,1770,447.23,447.23,0,0,14
1195175,131,59,1770,445.23,446.23,0,0,15
1353861,132,59,1770,447.23,445.23,0,0,69
1233327,134,59,1770,486.03,486.03,0,0,15
1257598,135,59,1770,485.03,485.03,0,0,15
1016220,136,59,1770,485.03,484.03,0,0,15
1361037,137,59,1770,486.03,485.03,0,0,40
1203067,138,59,1770,486.03,484.03,0,0,26
1209376,139,59,1770,486.03,484.03,0,0,14
1231496,140,59,1770,485.03,485.03,0,0,69
1152712,141,59,1770,485.03,484.03,0,0,28
1112034,142,59,1770,486.03,484.03,0,0,41
1002058,145,59,1770,484.03,484.03,0,0,27
1411222,1,59,1311,184.36,183.36,0,0,472
1217193,2,59,1311,176.54,178.54,0,0,391
1486728,3,59,1311,162.05,161.05,0,0,459
1437912,4,59,1311,166.9,165.9,0,0,784
1354026,5,59,1311,187.24,188.24,0,0,324
1399396,6,59,1311,166.9,188.24,0,0,419
1205722,7,59,1311,166.84,188.24,0,0,568
1079980,8,59,1311,144.59,187.24,0,0,393
1414662,9,59,1311,161.05,188.24,0,0,458
1040905,10,59,1311,146.53,188.24,0,0,418
1148357,11,59,1311,177.57,176.57,0,0,269
1224614,12,59,1311,181.45,180.45,0,0,431
1227384,13,59,1311,166.9,166.9,0,0,391
1026285,14,59,1311,137.77,166.9,0,0,189
1131905,15,59,1311,156.23,154.23,0,0,393
1051520,16,59,1311,151.32,153.32,0,0,258
1013341,17,59,1311,165.93,163.93,0,0,445
1041093,18,59,1311,137.77,163.93,0,0,377
1408693,19,59,1311,170.72,170.72,0,0,378
1281707,20,59,1311,169.78,168.78,0,0,581
1442877,21,59,1311,161.05,160.05,0,0,406
1411221,22,59,1311,155.2,157.2,0,0,445
1475581,23,59,1311,175.6,176.6,0,0,567
1105434,24,59,1311,165.93,164.93,0,0,527
1405792,25,59,1311,154.29,152.29,0,0,568
1034474,26,59,1311,156.2,156.2,0,0,500
1390970,27,59,1311,177.51,177.51,0,0,229
1179455,28,59,1311,163.93,165.93,0,0,500
1083794,29,59,1311,152.35,151.35,0,0,229
1228870,30,59,1311,170.78,169.78,0,0,458
1457393,31,59,1311,174.63,173.63,0,0,297
1354468,32,59,1311,197.94,195.94,0,0,351
1086354,33,59,1311,143.62,197.94,0,0,243
1204898,34,59,1311,160.05,195.94,0,0,445
1265494,35,59,1311,172.66,197.94,0,0,324
1373852,36,59,1311,182.36,182.36,0,0,377
1030783,37,59,1311,163.93,182.36,0,0,528
1238993,38,59,1311,130.95,184.36,0,0,229
1188238,39,59,1311,172.72,170.72,0,0,378
1142945,40,59,1311,171.72,170.72,0,0,377
1373679,41,59,1311,152.29,171.72,0,0,285
1058251,42,59,1311,155.26,170.72,0,0,338
1353564,43,59,1311,162.05,160.05,0,0,217
1015435,44,59,1311,175.63,173.63,0,0,150
1149382,45,59,1311,162.05,160.05,0,0,271
1058314,46,59,1311,162.05,160.05,0,0,406
1294709,47,59,1311,123.19,162.05,0,0,352
1400847,48,59,1311,165.93,163.93,0,0,474
1471721,49,59,1311,134.86,164.93,0,0,418
1209588,50,59,1311,214.43,212.43,0,0,366
1120808,51,59,1311,183.36,214.43,0,0,377
1113695,52,59,1311,178.51,213.43,0,0,244
1155958,53,59,1311,184.3,213.43,0,0,257
1183466,54,59,1311,173.69,212.43,0,0,176
1030369,55,59,1311,192.09,212.43,0,0,202
1060707,56,59,1311,192.09,213.43,0,0,339
1497543,57,59,1311,135.83,135.83,0,0,257
1107710,58,59,1311,167.84,167.84,0,0,284
1404007,59,59,1311,166.87,165.87,0,0,364
1330063,60,59,1311,140.71,166.87,0,0,310
1052148,61,59,1311,138.77,165.87,0,0,190
1499342,62,59,1311,187.24,187.24,0,0,163
1431519,63,59,1311,150.38,187.24,0,0,203
1188382,64,59,1311,162.05,188.24,0,0,296
1316841,65,59,1311,251.23,251.23,0,0,188
1342579,66,59,1311,160.05,251.23,0,0,217
1136305,67,59,1311,156.23,253.23,0,0,391
1037664,68,59,1311,151.38,252.23,0,0,203
1012492,69,59,1311,228.95,229.95,0,0,188
1381384,70,59,1311,168.78,229.95,0,0,230
1134681,71,59,1311,223.13,224.13,0,0,310
1367865,72,59,1311,192.09,222.13,0,0,204
1022755,73,59,1311,161.05,222.13,0,0,217
1033675,74,59,1311,131.95,223.13,0,0,297
1160727,75,59,1311,162.05,224.13,0,0,243
1220575,76,59,1311,162.05,223.13,0,0,297
1483304,77,59,1311,182.36,223.13,0,0,379
1457973,78,59,1311,168.78,169.78,0,0,229
1065323,79,59,1311,155.26,155.26,0,0,364
1133977,80,59,1311,169.78,169.78,0,0,230
1244331,81,59,1311,223.1,223.1,0,0,136
1032357,82,59,1311,170.72,223.1,0,0,377
1244616,83,59,1311,176.54,223.1,0,0,392
1130938,84,59,1311,155.26,224.1,0,0,337
1146584,85,59,1311,206.64,205.64,0,0,190
1050166,86,59,1311,177.51,207.64,0,0,244
1043027,87,59,1311,160.05,205.64,0,0,324
1380327,88,59,1311,135.83,207.64,0,0,257
1059996,89,59,1311,152.32,207.64,0,0,257
1276817,90,59,1311,171.69,205.64,0,0,352
1243743,91,59,1311,138.77,205.64,0,0,283
1366899,92,59,1311,121.31,121.31,0,0,216
1170317,93,59,1311,174.63,173.63,0,0,148
1206987,94,59,1311,168.78,169.78,0,0,231
1321341,95,59,1311,188.18,188.18,0,0,229
1075335,96,59,1311,169.75,170.75,0,0,204
1459491,97,59,1311,196.97,194.97,0,0,243
1062922,98,59,1311,169.81,194.97,0,0,257
1355135,99,59,1311,160.05,195.97,0,0,323
1183657,100,59,1311,175.57,194.97,0,0,271
1375479,101,59,1311,167.87,194.97,0,0,366
1052084,102,59,1311,163.93,195.97,0,0,554
1161904,103,59,1311,178.48,179.48,0,0,458
1043003,104,59,1311,170.75,169.75,0,0,204
1269058,105,59,1311,167.81,168.81,0,0,258
1062971,106,59,1311,167.81,169.81,0,0,257
1274679,107,59,1311,150.41,167.81,0,0,378
1457326,108,59,1311,167.84,167.84,0,0,283
1397327,109,59,1311,162.05,161.05,0,0,190
1271372,110,59,1311,175.57,177.57,0,0,270
1444366,111,59,1311,141.62,176.57,0,0,175
1174119,112,59,1311,184.36,183.36,0,0,69
1478972,113,59,1311,137.77,182.36,0,0,190
1099475,114,59,1311,193.09,193.09,0,0,270
1280863,115,59,1311,167.87,193.09,0,0,339
1187909,116,59,1311,162.05,192.09,0,0,217
1228422,117,59,1311,175.63,175.63,0,0,446
1036344,118,59,1311,212.46,211.46,0,0,215
1387035,119,59,1311,161.08,212.46,0,0,432
1479539,120,59,1311,123.25,212.46,0,0,189
1413665,121,59,1311,199.85,199.85,0,0,392
1167457,122,59,1311,159.08,198.85,0,0,231
1363929,123,59,1311,191.09,193.09,0,0,312
1471006,124,59,1311,183.36,184.36,0,0,526
1239049,125,59,1311,164.96,184.36,0,0,393
1368250,126,59,1311,232.8,232.8,0,0,216
1257400,127,59,1311,178.48,232.8,0,0,258
1163437,128,59,1311,164.96,234.8,0,0,392
1264809,129,59,1311,188.18,232.8,0,0,364
1209594,130,59,1311,155.23,233.8,0,0,298
1446808,131,59,1311,156.17,233.8,0,0,177
1271652,132,59,1311,152.35,233.8,0,0,122
1026906,133,59,1311,161.08,159.08,0,0,230
1094189,134,59,1311,221.22,219.22,0,0,231
1460187,135,59,1311,176.57,219.22,0,0,337
1493402,136,59,1311,181.45,219.22,0,0,230
1137448,137,59,1311,159.11,221.22,0,0,203
1028561,138,59,1311,206.64,206.64,0,0,311
1156125,139,59,1311,193.09,193.09,0,0,312
1466077,140,59,1311,196.91,197.91,0,0,419
1110231,141,59,1311,177.57,198.91,0,0,391
1190122,142,59,1311,195.03,193.03,0,0,285
1124010,143,59,1311,207.61,207.61,0,0,244
1046208,144,59,1311,193.06,192.06,0,0,404
1245216,145,59,1311,202.73,202.73,0,0,270
1291323,1,59,1803,157.2,183.33,0,0,528
1025781,2,59,1803,154.29,184.33,0,0,312
1038553,3,59,1803,173.66,172.66,0,0,501
1269707,4,59,1803,173.66,173.66,0,0,499
1475874,5,59,1803,160.05,160.05,0,0,190
1071477,6,59,1803,162.05,162.05,0,0,163
1449317,7,59,1803,150.35,150.35,0,0,229
1067274,8,59,1803,172.66,173.66,0,0,324
1491615,9,59,1803,171.75,169.75,0,0,406
1008580,10,59,1803,163.93,165.93,0,0,473
1237680,11,59,1803,167.87,165.87,0,0,366
1194435,12,59,1803,154.26,154.26,0,0,337
1489120,13,59,1803,165.87,167.87,0,0,365
1374157,14,59,1803,196.97,194.97,0,0,242
1135637,15,59,1803,169.75,194.97,0,0,204
1125872,16,59,1803,161.05,196.97,0,0,243
1029214,17,59,1803,150.41,194.97,0,0,379
1246725,18,59,1803,162.05,194.97,0,0,229
1456005,19,59,1803,160.05,195.97,0,0,364
1216679,20,59,1803,164.93,196.97,0,0,527
1291844,21,59,1803,175.57,176.57,0,0,271
1259993,22,59,1803,153.29,175.57,0,0,311
1315648,23,59,1803,118.34,175.57,0,0,364
1265573,24,59,1803,166.9,164.9,0,0,418
1115806,25,59,1803,145.56,165.9,0,0,269
1073031,26,59,1803,191.09,193.09,0,0,405
1132023,27,59,1803,169.78,192.09,0,0,230
1413052,28,59,1803,174.66,172.66,0,0,323
1307564,29,59,1803,169.81,168.81,0,0,257
1241798,30,59,1803,173.66,174.66,0,0,323
1270422,31,59,1803,169.78,169.78,0,0,229
1237584,32,59,1803,141.62,170.78,0,0,364
1474984,33,59,1803,179.51,177.51,0,0,366
1228611,34,59,1803,178.51,177.51,0,0,351
1117531,35,59,1803,162.05,177.51,0,0,377
1162849,36,59,1803,180.48,179.48,0,0,339
1493180,37,59,1803,191.09,193.09,0,0,271
1110027,38,59,1803,167.84,192.09,0,0,285
1074774,39,59,1803,174.66,174.66,0,0,323
1453771,40,59,1803,154.29,174.66,0,0,283
1407050,41,59,1803,167.84,166.84,0,0,311
1085140,42,59,1803,168.78,169.78,0,0,231
1037580,43,59,1803,182.36,183.36,0,0,379
1495742,44,59,1803,199.82,199.82,0,0,215
1498970,45,59,1803,151.35,199.82,0,0,231
1131442,46,59,1803,160.05,200.82,0,0,188
1157445,47,59,1803,206.64,206.64,0,0,566
1440167,48,59,1803,161.05,207.64,0,0,378
1132935,49,59,1803,173.66,205.64,0,0,324
1329206,50,59,1803,165.93,205.64,0,0,473
1040437,51,59,1803,161.05,206.64,0,0,242
1289074,52,59,1803,164.9,206.64,0,0,419
1345706,53,59,1803,129.04,207.64,0,0,203
1107644,54,59,1803,179.51,178.51,0,0,121
1452123,55,59,1803,181.45,180.45,0,0,217
1031941,56,59,1803,130.04,181.45,0,0,271
1229369,57,59,1803,241.59,239.59,0,0,217
1344306,58,59,1803,147.5,241.59,0,0,296
1369379,59,59,1803,214.43,239.59,0,0,123
1136323,60,59,1803,189.18,240.59,0,0,297
1399740,61,59,1803,191.09,241.59,0,0,270
1367732,62,59,1803,161.05,241.59,0,0,216
1408943,63,59,1803,194.97,241.59,0,0,244
1246772,64,59,1803,183.33,185.33,0,0,352
1461352,65,59,1803,138.77,184.33,0,0,378
1118996,66,59,1803,173.63,175.63,0,0,150
1487208,67,59,1803,160.05,161.05,0,0,162
1067966,68,59,1803,201.82,199.82,0,0,215
1348208,69,59,1803,147.5,200.82,0,0,149
1457754,70,59,1803,174.63,200.82,0,0,297
1321411,71,59,1803,161.05,201.82,0,0,243
1401022,72,59,1803,219.22,221.22,0,0,217
1476440,73,59,1803,195.94,220.22,0,0,351
1315473,74,59,1803,166.84,219.22,0,0,285
1095220,75,59,1803,186.3,219.22,0,0,257
1001253,76,59,1803,202.73,203.73,0,0,148
1426890,77,59,1803,154.26,204.73,0,0,337
1172515,78,59,1803,154.29,203.73,0,0,283
1118450,79,59,1803,195.94,195.94,0,0,350
1145422,80,59,1803,160.05,196.94,0,0,325
1162459,81,59,1803,190.18,190.18,0,0,231
1183132,82,59,1803,167.84,188.18,0,0,284
1115534,83,59,1803,152.32,188.18,0,0,539
1161455,84,59,1803,150.35,188.18,0,0,229
1330394,85,59,1803,154.23,189.18,0,0,391
1494089,86,59,1803,177.51,177.51,0,0,244
1112316,87,59,1803,196.94,196.94,0,0,177
1090392,88,59,1803,162.05,195.94,0,0,269
1358649,89,59,1803,160.05,195.94,0,0,298
1291818,90,59,1803,161.05,196.94,0,0,244
1383169,91,59,1803,174.66,196.94,0,0,323
1041244,92,59,1803,201.76,202.76,0,0,256
1148139,93,59,1803,160.05,201.76,0,0,298
1285983,94,59,1803,167.81,201.76,0,0,257
1350496,95,59,1803,160.05,203.76,0,0,242
1104660,96,59,1803,167.87,203.76,0,0,365
1002750,97,59,1803,136.77,202.76,0,0,190
1135036,98,59,1803,164.93,202.76,0,0,499
1006691,99,59,1803,179.51,178.51,0,0,364
1138865,100,59,1803,162.05,178.51,0,0,378
1170372,101,59,1803,156.2,178.51,0,0,501
1391510,102,59,1803,169.78,168.78,0,0,458
1076241,103,59,1803,157.2,155.2,0,0,472
1209254,104,59,1803,141.62,141.62,0,0,244
1011939,105,59,1803,172.69,172.69,0,0,352
1289483,106,59,1803,170.78,168.78,0,0,230
1236768,107,59,1803,155.26,153.26,0,0,337
1286913,108,59,1803,182.36,182.36,0,0,377
1003484,109,59,1803,142.62,182.36,0,0,244
1417980,110,59,1803,161.05,182.36,0,0,217
1486304,111,59,1803,151.32,182.36,0,0,136
1061585,112,59,1803,160.05,184.36,0,0,107
1496583,113,59,1803,170.75,171.75,0,0,203
1197344,114,59,1803,166.84,167.84,0,0,311
1235507,115,59,1803,161.05,161.05,0,0,215
1080314,116,59,1803,151.32,153.32,0,0,257
1204630,117,59,1803,144.56,145.56,0,0,270
1470234,118,59,1803,156.23,156.23,0,0,150
1340229,119,59,1803,161.99,163.99,0,0,310
1490137,120,59,1803,186.27,186.27,0,0,420
1046347,121,59,1803,179.48,179.48,0,0,258
1103968,122,59,1803,160.05,180.48,0,0,283
1386824,123,59,1803,196.94,195.94,0,0,256
1349854,124,59,1803,215.34,216.34,0,0,298
1250327,125,59,1803,227.01,226.01,0,0,243
1053140,126,59,1803,158.17,227.01,0,0,176
1057369,127,59,1803,129.98,228.01,0,0,175
1247672,128,59,1803,181.45,228.01,0,0,231
1277671,129,59,1803,140.65,228.01,0,0,323
1095905,130,59,1803,169.75,228.01,0,0,161
1438373,131,59,1803,131.98,226.01,0,0,177
1385238,132,59,1803,185.3,185.3,0,0,297
1325366,133,59,1803,197.94,197.94,0,0,257
1349289,134,59,1803,129.07,196.94,0,0,215
1128114,135,59,1803,146.5,196.94,0,0,188
1076389,136,59,1803,171.75,197.94,0,0,325
1183698,137,59,1803,169.75,197.94,0,0,297
1303042,138,59,1803,169.75,196.94,0,0,163
1140768,139,59,1803,188.18,190.18,0,0,242
1198845,140,59,1803,140.68,189.18,0,0,230
1059769,141,59,1803,170.75,190.18,0,0,296
1005439,142,59,1803,163.99,188.18,0,0,310
1278090,143,59,1803,159.11,189.18,0,0,188
1169673,144,59,1803,181.45,181.45,0,0,433
1084552,145,59,1803,154.23,180.45,0,0,148
